{"Name":"php","Type":"basic-php","Repo":"github.com/sgtest/antlr-php-functions","Files":["functions.php"],"Data":{}}
