{"Name":"php","Type":"basic-php","Repo":"github.com/sgtest/antlr-php-classes","Files":["inheritance.php","namespace.php"],"Data":{}}
