{
  "Defs": [
    {
      "Path": ":Child",
      "Name": "Child",
      "Kind": "class",
      "File": "this.php",
      "DefStart": 56,
      "DefEnd": 61,
      "Exported": true,
      "Data": {
        "Type": "class",
        "Keyword": "class",
        "Kind": "class",
        "Separator": " ",
        "Name": "Child"
      },
      "TreePath": ":Child"
    },
    {
      "Path": ":Child/$childProperty",
      "Name": "$childProperty",
      "Kind": "variable",
      "File": "this.php",
      "DefStart": 87,
      "DefEnd": 101,
      "Exported": true,
      "Data": {
        "Type": "mixed",
        "Keyword": "",
        "Kind": "property",
        "Separator": " ",
        "Name": "Child::$childProperty"
      },
      "TreePath": ":Child/$childProperty"
    },
    {
      "Path": ":Child/foo()",
      "Name": "foo",
      "Kind": "method",
      "File": "this.php",
      "DefStart": 114,
      "DefEnd": 117,
      "Exported": true,
      "Data": {
        "Type": "()",
        "Keyword": "function",
        "Kind": "method",
        "Separator": "",
        "Name": "Child::foo"
      },
      "TreePath": ":Child/foo()"
    },
    {
      "Path": ":Parent",
      "Name": "Parent",
      "Kind": "class",
      "File": "this.php",
      "DefStart": 13,
      "DefEnd": 19,
      "Exported": true,
      "Data": {
        "Type": "class",
        "Keyword": "class",
        "Kind": "class",
        "Separator": " ",
        "Name": "Parent"
      },
      "TreePath": ":Parent"
    },
    {
      "Path": ":Parent/$parentProperty",
      "Name": "$parentProperty",
      "Kind": "variable",
      "File": "this.php",
      "DefStart": 30,
      "DefEnd": 45,
      "Exported": true,
      "Data": {
        "Type": "mixed",
        "Keyword": "",
        "Kind": "property",
        "Separator": " ",
        "Name": "Parent::$parentProperty"
      },
      "TreePath": ":Parent/$parentProperty"
    }
  ],
  "Refs": [
    {
      "DefPath": ":Child/$childProperty",
      "File": "this.php",
      "Start": 224,
      "End": 237
    },
    {
      "DefPath": ":Child/$childProperty",
      "Def": true,
      "File": "this.php",
      "Start": 87,
      "End": 101
    },
    {
      "DefPath": ":Child/$this",
      "File": "this.php",
      "Start": 217,
      "End": 222
    },
    {
      "DefPath": ":Child/$this",
      "File": "this.php",
      "Start": 240,
      "End": 245
    },
    {
      "DefPath": ":Child/foo()",
      "Def": true,
      "File": "this.php",
      "Start": 114,
      "End": 117
    },
    {
      "DefPath": ":Child",
      "Def": true,
      "File": "this.php",
      "Start": 56,
      "End": 61
    },
    {
      "DefPath": ":Parent/$parentProperty",
      "File": "this.php",
      "Start": 247,
      "End": 261
    },
    {
      "DefPath": ":Parent/$parentProperty",
      "Def": true,
      "File": "this.php",
      "Start": 30,
      "End": 45
    },
    {
      "DefPath": ":Parent",
      "Def": true,
      "File": "this.php",
      "Start": 13,
      "End": 19
    },
    {
      "DefPath": ":Parent",
      "File": "this.php",
      "Start": 70,
      "End": 76
    }
  ]
}