{"Name":"php","Type":"basic-php","Repo":"github.com/sgtest/antlr-php-this","Files":["this.php"],"Data":{}}
