{"Name":"php","Type":"basic-php","Repo":"github.com/sgtest/antlr-php-array-property","Files":["test.php"],"Data":{}}
