{
  "Defs": [
    {
      "Path": ":$global",
      "Name": "$global",
      "Kind": "variable",
      "File": "variables.php",
      "DefStart": 7,
      "DefEnd": 14,
      "Exported": true,
      "Data": {
        "Type": "mixed",
        "Keyword": "",
        "Kind": "variable",
        "Separator": " "
      },
      "TreePath": ":$global"
    },
    {
      "Path": ":f",
      "Name": "f",
      "Kind": "func",
      "File": "variables.php",
      "DefStart": 30,
      "DefEnd": 31,
      "Exported": true,
      "Data": {
        "Type": "()",
        "Keyword": "function",
        "Kind": "function",
        "Separator": "",
        "Name": "f"
      },
      "TreePath": ":f"
    },
    {
      "Path": ":f/$i",
      "Name": "$i",
      "Kind": "variable",
      "File": "variables.php",
      "DefStart": 121,
      "DefEnd": 123,
      "Local": true,
      "Data": {
        "Type": "mixed",
        "Keyword": "",
        "Kind": "variable",
        "Separator": " "
      },
      "TreePath": ":f/$i"
    },
    {
      "Path": ":f/$local",
      "Name": "$local",
      "Kind": "variable",
      "File": "variables.php",
      "DefStart": 81,
      "DefEnd": 87,
      "Local": true,
      "Data": {
        "Type": "mixed",
        "Keyword": "",
        "Kind": "variable",
        "Separator": " "
      },
      "TreePath": ":f/$local"
    },
    {
      "Path": ":foo:bar:baz:h",
      "Name": "h",
      "Kind": "func",
      "File": "namespace.php",
      "DefStart": 41,
      "DefEnd": 42,
      "Exported": true,
      "Data": {
        "Type": "()",
        "Keyword": "function",
        "Kind": "function",
        "Separator": "",
        "Name": "\\foo\\bar\\baz\\h"
      },
      "TreePath": ":foo:bar:baz:h"
    },
    {
      "Path": ":foo:bar:baz:h/$local",
      "Name": "$local",
      "Kind": "variable",
      "File": "namespace.php",
      "DefStart": 49,
      "DefEnd": 55,
      "Local": true,
      "Data": {
        "Type": "mixed",
        "Keyword": "",
        "Kind": "variable",
        "Separator": " "
      },
      "TreePath": ":foo:bar:baz:h/$local"
    },
    {
      "Path": ":foo:bar:quz:h",
      "Name": "h",
      "Kind": "func",
      "File": "namespace.php",
      "DefStart": 150,
      "DefEnd": 151,
      "Exported": true,
      "Data": {
        "Type": "()",
        "Keyword": "function",
        "Kind": "function",
        "Separator": "",
        "Name": "\\foo\\bar\\quz\\h"
      },
      "TreePath": ":foo:bar:quz:h"
    },
    {
      "Path": ":foo:bar:quz:h/$local",
      "Name": "$local",
      "Kind": "variable",
      "File": "namespace.php",
      "DefStart": 158,
      "DefEnd": 164,
      "Local": true,
      "Data": {
        "Type": "mixed",
        "Keyword": "",
        "Kind": "variable",
        "Separator": " "
      },
      "TreePath": ":foo:bar:quz:h/$local"
    },
    {
      "Path": ":g",
      "Name": "g",
      "Kind": "func",
      "File": "variables.php",
      "DefStart": 265,
      "DefEnd": 266,
      "Exported": true,
      "Data": {
        "Type": "()",
        "Keyword": "function",
        "Kind": "function",
        "Separator": "",
        "Name": "g"
      },
      "TreePath": ":g"
    },
    {
      "Path": ":g/$local",
      "Name": "$local",
      "Kind": "variable",
      "File": "variables.php",
      "DefStart": 272,
      "DefEnd": 278,
      "Local": true,
      "Data": {
        "Type": "mixed",
        "Keyword": "",
        "Kind": "variable",
        "Separator": " "
      },
      "TreePath": ":g/$local"
    }
  ],
  "Refs": [
    {
      "DefPath": "$global",
      "File": "variables.php",
      "Start": 45,
      "End": 52
    },
    {
      "DefPath": ":$global",
      "File": "variables.php",
      "Start": 69,
      "End": 76
    },
    {
      "DefPath": ":$global",
      "Def": true,
      "File": "variables.php",
      "Start": 7,
      "End": 14
    },
    {
      "DefPath": ":f/$i",
      "Def": true,
      "File": "variables.php",
      "Start": 121,
      "End": 123
    },
    {
      "DefPath": ":f/$i",
      "File": "variables.php",
      "Start": 129,
      "End": 131
    },
    {
      "DefPath": ":f/$i",
      "File": "variables.php",
      "Start": 137,
      "End": 139
    },
    {
      "DefPath": ":f/$i",
      "File": "variables.php",
      "Start": 173,
      "End": 175
    },
    {
      "DefPath": ":f/$i",
      "File": "variables.php",
      "Start": 181,
      "End": 183
    },
    {
      "DefPath": ":f/$i",
      "File": "variables.php",
      "Start": 189,
      "End": 191
    },
    {
      "DefPath": ":f/$i",
      "File": "variables.php",
      "Start": 231,
      "End": 233
    },
    {
      "DefPath": ":f/$local",
      "Def": true,
      "File": "variables.php",
      "Start": 81,
      "End": 87
    },
    {
      "DefPath": ":foo:bar:baz:h/$local",
      "File": "namespace.php",
      "Start": 100,
      "End": 106
    },
    {
      "DefPath": ":foo:bar:baz:h/$local",
      "Def": true,
      "File": "namespace.php",
      "Start": 49,
      "End": 55
    },
    {
      "DefPath": ":foo:bar:baz:h",
      "Def": true,
      "File": "namespace.php",
      "Start": 41,
      "End": 42
    },
    {
      "DefPath": ":foo:bar:quz:h/$local",
      "Def": true,
      "File": "namespace.php",
      "Start": 158,
      "End": 164
    },
    {
      "DefPath": ":foo:bar:quz:h/$local",
      "File": "namespace.php",
      "Start": 209,
      "End": 215
    },
    {
      "DefPath": ":foo:bar:quz:h",
      "Def": true,
      "File": "namespace.php",
      "Start": 150,
      "End": 151
    },
    {
      "DefPath": ":f",
      "Def": true,
      "File": "variables.php",
      "Start": 30,
      "End": 31
    },
    {
      "DefPath": ":g/$local",
      "Def": true,
      "File": "variables.php",
      "Start": 272,
      "End": 278
    },
    {
      "DefPath": ":g",
      "Def": true,
      "File": "variables.php",
      "Start": 265,
      "End": 266
    }
  ]
}