{"Name":"php","Type":"basic-php","Repo":"github.com/sgtest/antlr-php-namespace-in-extends","Files":["Lib/I.php","Lib/P.php","Lib/T.php","namespace.php"],"Data":{}}
