{"Name":"php","Type":"basic-php","Repo":"github.com/sgtest/antlr-php-constants","Files":["constants.php"],"Data":{}}
