{
  "Defs": [
    {
      "Path": ":ACONSTANT",
      "Name": "ACONSTANT",
      "Kind": "constant",
      "File": "constants.php",
      "DefStart": 417,
      "DefEnd": 427,
      "Exported": true,
      "Data": {
        "Type": "const",
        "Keyword": "define",
        "Kind": "constant",
        "Separator": " "
      },
      "TreePath": ":ACONSTANT"
    },
    {
      "Path": ":x:y:a:CONSTANT",
      "Name": "CONSTANT",
      "Kind": "constant",
      "File": "constants.php",
      "DefStart": 32,
      "DefEnd": 39,
      "Exported": true,
      "Data": {
        "Type": "const",
        "Keyword": "const",
        "Kind": "constant",
        "Separator": " ",
        "Name": "\\x\\y\\a\\CONSTANT"
      },
      "TreePath": ":x:y:a:CONSTANT"
    },
    {
      "Path": ":x:y:a:f",
      "Name": "f",
      "Kind": "func",
      "File": "constants.php",
      "DefStart": 56,
      "DefEnd": 56,
      "Exported": true,
      "Data": {
        "Type": "()",
        "Keyword": "function",
        "Kind": "function",
        "Separator": "",
        "Name": "\\x\\y\\a\\f"
      },
      "TreePath": ":x:y:a:f"
    },
    {
      "Path": ":x:y:b:CONSTANT",
      "Name": "CONSTANT",
      "Kind": "constant",
      "File": "constants.php",
      "DefStart": 91,
      "DefEnd": 98,
      "Exported": true,
      "Data": {
        "Type": "const",
        "Keyword": "const",
        "Kind": "constant",
        "Separator": " ",
        "Name": "\\x\\y\\b\\CONSTANT"
      },
      "TreePath": ":x:y:b:CONSTANT"
    },
    {
      "Path": ":x:y:b:f",
      "Name": "f",
      "Kind": "func",
      "File": "constants.php",
      "DefStart": 115,
      "DefEnd": 115,
      "Exported": true,
      "Data": {
        "Type": "()",
        "Keyword": "function",
        "Kind": "function",
        "Separator": "",
        "Name": "\\x\\y\\b\\f"
      },
      "TreePath": ":x:y:b:f"
    },
    {
      "Path": ":x:y:c:CONSTANT",
      "Name": "CONSTANT",
      "Kind": "constant",
      "File": "constants.php",
      "DefStart": 150,
      "DefEnd": 157,
      "Exported": true,
      "Data": {
        "Type": "const",
        "Keyword": "const",
        "Kind": "constant",
        "Separator": " ",
        "Name": "\\x\\y\\c\\CONSTANT"
      },
      "TreePath": ":x:y:c:CONSTANT"
    }
  ],
  "Refs": [
    {
      "DefPath": ":ACONSTANT",
      "Def": true,
      "File": "constants.php",
      "Start": 417,
      "End": 427
    },
    {
      "DefPath": ":ACONSTANT",
      "File": "constants.php",
      "Start": 440,
      "End": 448
    },
    {
      "DefPath": ":define",
      "File": "constants.php",
      "Start": 410,
      "End": 415
    },
    {
      "DefPath": ":x:y:a:CONSTANT",
      "File": "constants.php",
      "Start": 209,
      "End": 223
    },
    {
      "DefPath": ":x:y:a:CONSTANT",
      "Def": true,
      "File": "constants.php",
      "Start": 32,
      "End": 39
    },
    {
      "DefPath": ":x:y:a:CONSTANT",
      "File": "constants.php",
      "Start": 375,
      "End": 388
    },
    {
      "DefPath": ":x:y:a:CONSTANT",
      "File": "constants.php",
      "Start": 397,
      "End": 404
    },
    {
      "DefPath": ":x:y:a:f",
      "File": "constants.php",
      "Start": 255,
      "End": 261
    },
    {
      "DefPath": ":x:y:a:f",
      "File": "constants.php",
      "Start": 271,
      "End": 272
    },
    {
      "DefPath": ":x:y:a:f",
      "Def": true,
      "File": "constants.php",
      "Start": 56,
      "End": 56
    },
    {
      "DefPath": ":x:y:b:CONSTANT",
      "File": "constants.php",
      "Start": 288,
      "End": 301
    },
    {
      "DefPath": ":x:y:b:CONSTANT",
      "File": "constants.php",
      "Start": 310,
      "End": 317
    },
    {
      "DefPath": ":x:y:b:CONSTANT",
      "Def": true,
      "File": "constants.php",
      "Start": 91,
      "End": 98
    },
    {
      "DefPath": ":x:y:b:f",
      "Def": true,
      "File": "constants.php",
      "Start": 115,
      "End": 115
    },
    {
      "DefPath": ":x:y:b:f",
      "File": "constants.php",
      "Start": 349,
      "End": 355
    },
    {
      "DefPath": ":x:y:b:f",
      "File": "constants.php",
      "Start": 359,
      "End": 359
    },
    {
      "DefPath": ":x:y:c:CONSTANT",
      "Def": true,
      "File": "constants.php",
      "Start": 150,
      "End": 157
    },
    {
      "DefPath": ":x:y:c:CONSTANT",
      "File": "constants.php",
      "Start": 170,
      "End": 177
    },
    {
      "DefPath": ":x:y:c:CONSTANT",
      "File": "constants.php",
      "Start": 186,
      "End": 200
    }
  ]
}