{
  "Defs": [
    {
      "Path": ":Child",
      "Name": "Child",
      "Kind": "class",
      "File": "this.php",
      "DefStart": 56,
      "DefEnd": 60,
      "Exported": true,
      "Data": {
        "Type": "class",
        "Keyword": "class",
        "Kind": "class",
        "Separator": " ",
        "Name": "Child"
      },
      "TreePath": ":Child"
    },
    {
      "Path": ":Child/$childProperty",
      "Name": "$childProperty",
      "Kind": "variable",
      "File": "this.php",
      "DefStart": 87,
      "DefEnd": 100,
      "Exported": true,
      "Data": {
        "Type": "mixed",
        "Keyword": "",
        "Kind": "property",
        "Separator": " ",
        "Name": "Child::$childProperty"
      },
      "TreePath": ":Child/$childProperty"
    },
    {
      "Path": ":Child/foo()",
      "Name": "foo",
      "Kind": "method",
      "File": "this.php",
      "DefStart": 114,
      "DefEnd": 116,
      "Exported": true,
      "Data": {
        "Type": "()",
        "Keyword": "function",
        "Kind": "method",
        "Separator": "",
        "Name": "Child::foo"
      },
      "TreePath": ":Child/foo()"
    },
    {
      "Path": ":Parent",
      "Name": "Parent",
      "Kind": "class",
      "File": "this.php",
      "DefStart": 13,
      "DefEnd": 18,
      "Exported": true,
      "Data": {
        "Type": "class",
        "Keyword": "class",
        "Kind": "class",
        "Separator": " ",
        "Name": "Parent"
      },
      "TreePath": ":Parent"
    },
    {
      "Path": ":Parent/$parentProperty",
      "Name": "$parentProperty",
      "Kind": "variable",
      "File": "this.php",
      "DefStart": 30,
      "DefEnd": 44,
      "Exported": true,
      "Data": {
        "Type": "mixed",
        "Keyword": "",
        "Kind": "property",
        "Separator": " ",
        "Name": "Parent::$parentProperty"
      },
      "TreePath": ":Parent/$parentProperty"
    }
  ],
  "Refs": [
    {
      "DefPath": ":Child/$childProperty",
      "File": "this.php",
      "Start": 224,
      "End": 236
    },
    {
      "DefPath": ":Child/$childProperty",
      "Def": true,
      "File": "this.php",
      "Start": 87,
      "End": 100
    },
    {
      "DefPath": ":Child/$this",
      "File": "this.php",
      "Start": 217,
      "End": 221
    },
    {
      "DefPath": ":Child/$this",
      "File": "this.php",
      "Start": 240,
      "End": 244
    },
    {
      "DefPath": ":Child/foo()",
      "Def": true,
      "File": "this.php",
      "Start": 114,
      "End": 116
    },
    {
      "DefPath": ":Child",
      "Def": true,
      "File": "this.php",
      "Start": 56,
      "End": 60
    },
    {
      "DefPath": ":Parent/$parentProperty",
      "File": "this.php",
      "Start": 247,
      "End": 260
    },
    {
      "DefPath": ":Parent/$parentProperty",
      "Def": true,
      "File": "this.php",
      "Start": 30,
      "End": 44
    },
    {
      "DefPath": ":Parent",
      "Def": true,
      "File": "this.php",
      "Start": 13,
      "End": 18
    },
    {
      "DefPath": ":Parent",
      "File": "this.php",
      "Start": 70,
      "End": 75
    }
  ]
}