{"Name":"js","Type":"basic-js","Repo":"github.com/sgtest/antlr-js-prototype","Files":["animal.js"],"Data":{}}
