{
  "Defs": [
    {
      "Path": ":App:Child",
      "Name": "Child",
      "Kind": "class",
      "File": "namespace.php",
      "DefStart": 293,
      "DefEnd": 297,
      "Exported": true,
      "Data": {
        "Type": "class",
        "Keyword": "class",
        "Kind": "class",
        "Separator": " ",
        "Name": "\\App\\Child"
      },
      "TreePath": ":App:Child"
    },
    {
      "Path": ":Lib:I",
      "Name": "I",
      "Kind": "interface",
      "File": "Lib/I.php",
      "DefStart": 32,
      "DefEnd": 32,
      "Exported": true,
      "Data": {
        "Type": "interface",
        "Keyword": "interface",
        "Kind": "interface",
        "Separator": " ",
        "Name": "\\Lib\\I"
      },
      "TreePath": ":Lib:I"
    },
    {
      "Path": ":Lib:I/iFunc()",
      "Name": "iFunc",
      "Kind": "method",
      "File": "Lib/I.php",
      "DefStart": 46,
      "DefEnd": 50,
      "Exported": true,
      "Data": {
        "Type": "()",
        "Keyword": "function",
        "Kind": "method",
        "Separator": "",
        "Name": "\\Lib\\I::iFunc"
      },
      "TreePath": ":Lib:I/iFunc()"
    },
    {
      "Path": ":Lib:P",
      "Name": "P",
      "Kind": "class",
      "File": "Lib/P.php",
      "DefStart": 28,
      "DefEnd": 28,
      "Exported": true,
      "Data": {
        "Type": "class",
        "Keyword": "class",
        "Kind": "class",
        "Separator": " ",
        "Name": "\\Lib\\P"
      },
      "TreePath": ":Lib:P"
    },
    {
      "Path": ":Lib:P/pFunc()",
      "Name": "pFunc",
      "Kind": "method",
      "File": "Lib/P.php",
      "DefStart": 42,
      "DefEnd": 46,
      "Exported": true,
      "Data": {
        "Type": "()",
        "Keyword": "function",
        "Kind": "method",
        "Separator": "",
        "Name": "\\Lib\\P::pFunc"
      },
      "TreePath": ":Lib:P/pFunc()"
    },
    {
      "Path": ":Lib:T",
      "Name": "T",
      "Kind": "trait",
      "File": "Lib/T.php",
      "DefStart": 28,
      "DefEnd": 28,
      "Exported": true,
      "Data": {
        "Type": "trait",
        "Keyword": "trait",
        "Kind": "trait",
        "Separator": " ",
        "Name": "\\Lib\\T"
      },
      "TreePath": ":Lib:T"
    },
    {
      "Path": ":Lib:T/tFunc()",
      "Name": "tFunc",
      "Kind": "method",
      "File": "Lib/T.php",
      "DefStart": 42,
      "DefEnd": 46,
      "Exported": true,
      "Data": {
        "Type": "()",
        "Keyword": "function",
        "Kind": "method",
        "Separator": "",
        "Name": "\\Lib\\T::tFunc"
      },
      "TreePath": ":Lib:T/tFunc()"
    }
  ],
  "Refs": [
    {
      "DefPath": ":App:Child",
      "Def": true,
      "File": "namespace.php",
      "Start": 293,
      "End": 297
    },
    {
      "DefPath": ":Lib:I/iFunc()",
      "Def": true,
      "File": "Lib/I.php",
      "Start": 46,
      "End": 50
    },
    {
      "DefPath": ":Lib:I/iFunc()",
      "File": "namespace.php",
      "Start": 402,
      "End": 406
    },
    {
      "DefPath": ":Lib:I",
      "Def": true,
      "File": "Lib/I.php",
      "Start": 32,
      "End": 32
    },
    {
      "DefPath": ":Lib:I",
      "File": "namespace.php",
      "Start": 326,
      "End": 335
    },
    {
      "DefPath": ":Lib:P/pFunc()",
      "Def": true,
      "File": "Lib/P.php",
      "Start": 42,
      "End": 46
    },
    {
      "DefPath": ":Lib:P",
      "Def": true,
      "File": "Lib/P.php",
      "Start": 28,
      "End": 28
    },
    {
      "DefPath": ":Lib:P",
      "File": "namespace.php",
      "Start": 307,
      "End": 313
    },
    {
      "DefPath": ":Lib:T/tFunc()",
      "Def": true,
      "File": "Lib/T.php",
      "Start": 42,
      "End": 46
    },
    {
      "DefPath": ":Lib:T",
      "Def": true,
      "File": "Lib/T.php",
      "Start": 28,
      "End": 28
    },
    {
      "DefPath": ":Lib:T",
      "File": "namespace.php",
      "Start": 383,
      "End": 388
    }
  ]
}