{
  "Defs": [
    {
      "Path": ":$global",
      "Name": "$global",
      "Kind": "variable",
      "File": "variables.php",
      "DefStart": 7,
      "DefEnd": 13,
      "Exported": true,
      "Data": {
        "Type": "mixed",
        "Keyword": "",
        "Kind": "variable",
        "Separator": " "
      },
      "TreePath": ":$global"
    },
    {
      "Path": ":f",
      "Name": "f",
      "Kind": "func",
      "File": "variables.php",
      "DefStart": 30,
      "DefEnd": 30,
      "Exported": true,
      "Data": {
        "Type": "()",
        "Keyword": "function",
        "Kind": "function",
        "Separator": "",
        "Name": "f"
      },
      "TreePath": ":f"
    },
    {
      "Path": ":f/$i",
      "Name": "$i",
      "Kind": "variable",
      "File": "variables.php",
      "DefStart": 121,
      "DefEnd": 122,
      "Local": true,
      "Data": {
        "Type": "mixed",
        "Keyword": "",
        "Kind": "variable",
        "Separator": " "
      },
      "TreePath": ":f/$i"
    },
    {
      "Path": ":f/$local",
      "Name": "$local",
      "Kind": "variable",
      "File": "variables.php",
      "DefStart": 81,
      "DefEnd": 86,
      "Local": true,
      "Data": {
        "Type": "mixed",
        "Keyword": "",
        "Kind": "variable",
        "Separator": " "
      },
      "TreePath": ":f/$local"
    },
    {
      "Path": ":foo:bar:baz:h",
      "Name": "h",
      "Kind": "func",
      "File": "namespace.php",
      "DefStart": 41,
      "DefEnd": 41,
      "Exported": true,
      "Data": {
        "Type": "()",
        "Keyword": "function",
        "Kind": "function",
        "Separator": "",
        "Name": "\\foo\\bar\\baz\\h"
      },
      "TreePath": ":foo:bar:baz:h"
    },
    {
      "Path": ":foo:bar:baz:h/$local",
      "Name": "$local",
      "Kind": "variable",
      "File": "namespace.php",
      "DefStart": 49,
      "DefEnd": 54,
      "Local": true,
      "Data": {
        "Type": "mixed",
        "Keyword": "",
        "Kind": "variable",
        "Separator": " "
      },
      "TreePath": ":foo:bar:baz:h/$local"
    },
    {
      "Path": ":foo:bar:quz:h",
      "Name": "h",
      "Kind": "func",
      "File": "namespace.php",
      "DefStart": 150,
      "DefEnd": 150,
      "Exported": true,
      "Data": {
        "Type": "()",
        "Keyword": "function",
        "Kind": "function",
        "Separator": "",
        "Name": "\\foo\\bar\\quz\\h"
      },
      "TreePath": ":foo:bar:quz:h"
    },
    {
      "Path": ":foo:bar:quz:h/$local",
      "Name": "$local",
      "Kind": "variable",
      "File": "namespace.php",
      "DefStart": 158,
      "DefEnd": 163,
      "Local": true,
      "Data": {
        "Type": "mixed",
        "Keyword": "",
        "Kind": "variable",
        "Separator": " "
      },
      "TreePath": ":foo:bar:quz:h/$local"
    },
    {
      "Path": ":g",
      "Name": "g",
      "Kind": "func",
      "File": "variables.php",
      "DefStart": 265,
      "DefEnd": 265,
      "Exported": true,
      "Data": {
        "Type": "()",
        "Keyword": "function",
        "Kind": "function",
        "Separator": "",
        "Name": "g"
      },
      "TreePath": ":g"
    },
    {
      "Path": ":g/$local",
      "Name": "$local",
      "Kind": "variable",
      "File": "variables.php",
      "DefStart": 272,
      "DefEnd": 277,
      "Local": true,
      "Data": {
        "Type": "mixed",
        "Keyword": "",
        "Kind": "variable",
        "Separator": " "
      },
      "TreePath": ":g/$local"
    }
  ],
  "Refs": [
    {
      "DefPath": "$global",
      "File": "variables.php",
      "Start": 45,
      "End": 51
    },
    {
      "DefPath": ":$global",
      "File": "variables.php",
      "Start": 69,
      "End": 75
    },
    {
      "DefPath": ":$global",
      "Def": true,
      "File": "variables.php",
      "Start": 7,
      "End": 13
    },
    {
      "DefPath": ":f/$i",
      "Def": true,
      "File": "variables.php",
      "Start": 121,
      "End": 122
    },
    {
      "DefPath": ":f/$i",
      "File": "variables.php",
      "Start": 129,
      "End": 130
    },
    {
      "DefPath": ":f/$i",
      "File": "variables.php",
      "Start": 137,
      "End": 138
    },
    {
      "DefPath": ":f/$i",
      "File": "variables.php",
      "Start": 173,
      "End": 174
    },
    {
      "DefPath": ":f/$i",
      "File": "variables.php",
      "Start": 181,
      "End": 182
    },
    {
      "DefPath": ":f/$i",
      "File": "variables.php",
      "Start": 189,
      "End": 190
    },
    {
      "DefPath": ":f/$i",
      "File": "variables.php",
      "Start": 231,
      "End": 232
    },
    {
      "DefPath": ":f/$local",
      "Def": true,
      "File": "variables.php",
      "Start": 81,
      "End": 86
    },
    {
      "DefPath": ":foo:bar:baz:h/$local",
      "File": "namespace.php",
      "Start": 100,
      "End": 105
    },
    {
      "DefPath": ":foo:bar:baz:h/$local",
      "Def": true,
      "File": "namespace.php",
      "Start": 49,
      "End": 54
    },
    {
      "DefPath": ":foo:bar:baz:h",
      "Def": true,
      "File": "namespace.php",
      "Start": 41,
      "End": 41
    },
    {
      "DefPath": ":foo:bar:quz:h/$local",
      "Def": true,
      "File": "namespace.php",
      "Start": 158,
      "End": 163
    },
    {
      "DefPath": ":foo:bar:quz:h/$local",
      "File": "namespace.php",
      "Start": 209,
      "End": 214
    },
    {
      "DefPath": ":foo:bar:quz:h",
      "Def": true,
      "File": "namespace.php",
      "Start": 150,
      "End": 150
    },
    {
      "DefPath": ":f",
      "Def": true,
      "File": "variables.php",
      "Start": 30,
      "End": 30
    },
    {
      "DefPath": ":g/$local",
      "Def": true,
      "File": "variables.php",
      "Start": 272,
      "End": 277
    },
    {
      "DefPath": ":g",
      "Def": true,
      "File": "variables.php",
      "Start": 265,
      "End": 265
    }
  ]
}