{"Name":"php","Type":"basic-php","Repo":"github.com/sgtest/antlr-php-variables","Files":["namespace.php","variables.php"],"Data":{}}
